 IGI1 Native Symbols - Project I.G.I (igi.exe) verified native addresses
 Generated from IGI-Natives.json (283 catalog entries; duplicate-address aliases retained)
 Preferred load address is 00400000

 Start         Length     Name                   Class
 0001:00000000 00131510H .text                   CODE

 Exports by module 'igi1natives'

 0001:00000900  _TaskType_Register                        00401900 f   igi1natives.obj
 0001:00000B20  _Qtask_UpdateList                         00401B20 f   igi1natives.obj
 0001:00000CF0  _TaskType_IsDerivedFrom                   00401CF0 f   igi1natives.obj
 0001:00001780  _Flow_RequestEvent                        00402780 f   igi1natives.obj
 0001:00001820  _Frames_Set                               00402820 f   igi1natives.obj
 0001:00001870  _Frames_Get                               00402870 f   igi1natives.obj
 0001:00001880  _Game_GetContext                          00402880 f   igi1natives.obj
 0001:00001890  _Game_GetScriptContext                    00402890 f   igi1natives.obj
 0001:000018A0  _Flow_SetState                            004028A0 f   igi1natives.obj
 0001:000018B0  _Frames_GetUpdateCounter                  004028B0 f   igi1natives.obj
 0001:000018C0  _Frames_GetTaskCounter                    004028C0 f   igi1natives.obj
 0001:000018D0  _Game_TimingBegin                         004028D0 f   igi1natives.obj
 0001:000018F0  _Game_TimingEnd                           004028F0 f   igi1natives.obj
 0001:000026B0  _GO_Player                                004036B0 f   igi1natives.obj
 0001:00002750  _GO_ActiveMission                         00403750 f   igi1natives.obj
 0001:000027C0  _GO_InRemap                               004037C0 f   igi1natives.obj
 0001:00002870  _GO_InMouInv                              00403870 f   igi1natives.obj
 0001:000028E0  _GO_InMouSens                             004038E0 f   igi1natives.obj
 0001:00002950  _GO_GfxDisp                               00403950 f   igi1natives.obj
 0001:00002A00  _GO_GameLang                              00403A00 f   igi1natives.obj
 0001:00002AC0  _GO_GameDiff                              00403AC0 f   igi1natives.obj
 0001:00002B30  _Config_IsGermany                         00403B30 f   igi1natives.obj
 0001:00002B70  _Config_ResetGraphicOptions               00403B70 f   igi1natives.obj
 0001:00002C10  _Config_SetContentControlPassword         00403C10 f   igi1natives.obj
 0001:00002C10  _GO_ContentControlPW                      00403C10 f   igi1natives.obj
 0001:00002C70  _Config_GetContentControlPassword         00403C70 f   igi1natives.obj
 0001:00002CC0  _Config_VerifyContentControlPassword      00403CC0 f   igi1natives.obj
 0001:00002D90  _Config_IsContentControlPasswordEnabled   00403D90 f   igi1natives.obj
 0001:00002DF0  _GO_IsBlood                               00403DF0 f   igi1natives.obj
 0001:00002E60  _GO_SoundSpeech                           00403E60 f   igi1natives.obj
 0001:00002EF0  _GO_SoundMusic                            00403EF0 f   igi1natives.obj
 0001:00002F80  _GO_SoundFX                               00403F80 f   igi1natives.obj
 0001:00003010  _GO_GfxDevice                             00404010 f   igi1natives.obj
 0001:00003080  _GO_GfxGamma                              00404080 f   igi1natives.obj
 0001:000030F0  _GO_GfxPerformance                        004040F0 f   igi1natives.obj
 0001:00003160  _Config_GameOptionsInputSetInvertMouse    00404160 f   igi1natives.obj
 0001:000031D0  _Config_GameOptionsInputGetInvertMouse    004041D0 f   igi1natives.obj
 0001:00003230  _Config_GameOptionsInputSetMouseSensitivity 00404230 f   igi1natives.obj
 0001:00003290  _Config_GameOptionsInputGetMouseSensitivity 00404290 f   igi1natives.obj
 0001:000032E0  _Config_GameOptionsInputSetBloodEnabled   004042E0 f   igi1natives.obj
 0001:00003340  _Config_GameOptionsInputGetBloodEnabled   00404340 f   igi1natives.obj
 0001:00003450  _Config_FillScreenResolutionListBox       00404450 f   igi1natives.obj
 0001:00003510  _Config_GraphicOptionsSetResolution       00404510 f   igi1natives.obj
 0001:00003590  _Config_GetActiveGraphicOptions           00404590 f   igi1natives.obj
 0001:000035B0  _Config_GraphicOptionsGetResolution       004045B0 f   igi1natives.obj
 0001:000036A0  _Config_FillRenderDeviceListBox           004046A0 f   igi1natives.obj
 0001:00003710  _Config_GraphicOptionsGetDevice           00404710 f   igi1natives.obj
 0001:000037F0  _Config_GraphicOptionsSetDevice           004047F0 f   igi1natives.obj
 0001:000038B0  _Config_GraphicOptionsSetGamma            004048B0 f   igi1natives.obj
 0001:00003910  _Config_GraphicOptionsGetGamma            00404910 f   igi1natives.obj
 0001:00003960  _Config_GraphicOptionsSetTransparency     00404960 f   igi1natives.obj
 0001:000039C0  _Config_GraphicOptionsGetTransparency     004049C0 f   igi1natives.obj
 0001:00003A10  _Config_SoundOptionsSetSoundsEffects      00404A10 f   igi1natives.obj
 0001:00003A90  _Config_SoundOptionsGetSoundsEffects      00404A90 f   igi1natives.obj
 0001:00003AE0  _Config_SoundOptionsSetSoundsEffectsVolume 00404AE0 f   igi1natives.obj
 0001:00003B40  _Config_SoundOptionsGetSoundsEffectsVolume 00404B40 f   igi1natives.obj
 0001:00003B90  _Config_SoundOptionsSetMusic              00404B90 f   igi1natives.obj
 0001:00003BF0  _Config_SoundOptionsGetMusic              00404BF0 f   igi1natives.obj
 0001:00003C40  _Config_SoundOptionsSetMusicVolume        00404C40 f   igi1natives.obj
 0001:00003CA0  _Config_SoundOptionsGetMusicVolume        00404CA0 f   igi1natives.obj
 0001:00003CF0  _Config_SoundOptionsSetSpeech             00404CF0 f   igi1natives.obj
 0001:00003D50  _Config_SoundOptionsGetSpeech             00404D50 f   igi1natives.obj
 0001:00003DA0  _Config_SoundOptionsSetSpeechVolume       00404DA0 f   igi1natives.obj
 0001:00003E00  _Config_SoundOptionsGetSpeechVolume       00404E00 f   igi1natives.obj
 0001:00003E50  _Config_SoundOptionsSetReverseStereo      00404E50 f   igi1natives.obj
 0001:00003EB0  _Config_SoundOptionsGetReverseStereo      00404EB0 f   igi1natives.obj
 0001:00003F00  _Config_GraphicOptionsSetPerformanceFlags 00404F00 f   igi1natives.obj
 0001:00003F60  _Config_GraphicOptionsGetPerformanceFlags 00404F60 f   igi1natives.obj
 0001:00003FA0  _Config_FillPlayerProfileListBox          00404FA0 f   igi1natives.obj
 0001:00004010  _Config_GetActivePlayerProfileIndex       00405010 f   igi1natives.obj
 0001:00004050  _Config_SetActivePlayerProfileIndex       00405050 f   igi1natives.obj
 0001:000040A0  _Config_CreateNewPlayerProfile            004050A0 f   igi1natives.obj
 0001:00004400  _Config_DeletePlayerProfile               00405400 f   igi1natives.obj
 0001:000044F0  _Config_GetNumberOfPlayerProfiles         004054F0 f   igi1natives.obj
 0001:00004530  _Config_GraphicOptionsGetPerfLevelFromFlags 00405530 f   igi1natives.obj
 0001:000045C0  _Config_GraphicOptionsGetPerfFlagsFromLevel 004055C0 f   igi1natives.obj
 0001:00004620  _Config_GraphicOptionsNumPerfLevels       00405620 f   igi1natives.obj
 0001:00004660  _Config_FillMissionSelectionBox           00405660 f   igi1natives.obj
 0001:000046F0  _Config_FillMissionPictureBox             004056F0 f   igi1natives.obj
 0001:00004760  _Config_FillMissionTextBox                00405760 f   igi1natives.obj
 0001:000047D0  _Config_PlayerGetActiveMission            004057D0 f   igi1natives.obj
 0001:00004850  _Config_Read                              00405850 f   igi1natives.obj
 0001:00004BD0  _Config_Write                             00405BD0 f   igi1natives.obj
 0001:00005220  _Config_GetActivePlayerProfileRecord      00406220 f   igi1natives.obj
 0001:000061E0  _Weapon_ConfigRead                        004071E0 f   igi1natives.obj
 0001:00006E30  _DefineQ_Material                         00407E30 f   igi1natives.obj
 0001:00006F50  _Define_GameMaterial                      00407F50 f   igi1natives.obj
 0001:00007350  _GameMaterial_LoadParameters              00408350 f   igi1natives.obj
 0001:0000F1C0  _Define_HumanPlayerWeaponCycle            004101C0 f   igi1natives.obj
 0001:0000F240  _Define_HumanPlayerWeaponCategory         00410240 f   igi1natives.obj
 0001:0000F2D0  _Define_HumanPlayerAmmoLimit              004102D0 f   igi1natives.obj
 0001:0000F9A0  _Human_RunUpdate                          004109A0 f   igi1natives.obj
 0001:00011440  _Human_DamageApply                        00412440 f   igi1natives.obj
 0001:000127A0  _HumanPlayer_LoadParameters               004137A0 f   igi1natives.obj
 0001:00012B70  _Weapon_TypeOpen                          00413B70 f   igi1natives.obj
 0001:00012BB0  _Weapons_CountGet                         00413BB0 f   igi1natives.obj
 0001:00014020  _DEBUG_KEYSENABLEINVALID                  00415020 f   igi1natives.obj
 0001:000141E0  _MovieSubtitle_RegisterFont               004151E0 f   igi1natives.obj
 0001:00014260  _MovieSubtitle_RegisterText               00415260 f   igi1natives.obj
 0001:000147D0  _Game_DisablePlayerInput                  004157D0 f   igi1natives.obj
 0001:00014830  _Game_EnablePlayerInput                   00415830 f   igi1natives.obj
 0001:00014890  _Game_SetMission                          00415890 f   igi1natives.obj
 0001:000148E0  _Game_UpdateVolume                        004158E0 f   igi1natives.obj
 0001:00014950  _Game_SetMusicVolume                      00415950 f   igi1natives.obj
 0001:000149B0  _Game_SetSFXVolume                        004159B0 f   igi1natives.obj
 0001:00014A10  _Game_EnableMusic                         00415A10 f   igi1natives.obj
 0001:00014A60  _Game_DisableMusic                        00415A60 f   igi1natives.obj
 0001:00014AB0  _Game_CutsceneDelete                      00415AB0 f   igi1natives.obj
 0001:00014B30  _Level_Start                              00415B30 f   igi1natives.obj
 0001:00015550  _Game_DeleteHandler                       00416550 f   igi1natives.obj
 0001:00015D80  _Human_HitDamage                          00416D80 f   igi1natives.obj
 0001:00015FE0  _Game_Restart                             00416FE0 f   igi1natives.obj
 0001:000164A0  _MenuManager_RequestScreen                004174A0 f   igi1natives.obj
 0001:00016690  _MenuManager_PushScreen                   00417690 f   igi1natives.obj
 0001:00016710  _MenuManager_PopScreen                    00417710 f   igi1natives.obj
 0001:00016790  _MenuManager_LeaveMenus                   00417790 f   igi1natives.obj
 0001:00016810  _MenuManager_SetLanguage                  00417810 f   igi1natives.obj
 0001:00016880  _MenuManager_ForceUpdateWindow            00417880 f   igi1natives.obj
 0001:00016900  _MenuManager_ActivatePopupScreen          00417900 f   igi1natives.obj
 0001:00016960  _MenuManager_DeactivatePopuScreen         00417960 f   igi1natives.obj
 0001:000169B0  _MenuManager_SetEnabled                   004179B0 f   igi1natives.obj
 0001:00017B00  _Menu_Manager                             00418B00 f   igi1natives.obj
 0001:000221E0  _ControlsMenu_ConvertFloatFromOffset      004231E0 f   igi1natives.obj
 0001:00022240  _ControlsMenu_ConvertOffsetFromFloat      00423240 f   igi1natives.obj
 0001:0004C0E0  _AIAction_Patrol                          0044D0E0 f   igi1natives.obj
 0001:0004C160  _AIAction_Combat                          0044D160 f   igi1natives.obj
 0001:0004C260  _AIAction_Dead                            0044D260 f   igi1natives.obj
 0001:0004C2C0  _AIAction_FallFlat                        0044D2C0 f   igi1natives.obj
 0001:0004C420  _AIAction_Activate                        0044D420 f   igi1natives.obj
 0001:0004C4A0  _AIAction_WalkToNode                      0044D4A0 f   igi1natives.obj
 0001:0004C510  _AIAction_RunToNode                       0044D510 f   igi1natives.obj
 0001:0004C580  _AIAction_FireAtNode                      0044D580 f   igi1natives.obj
 0001:0004C630  _AIAction_FireAtTask                      0044D630 f   igi1natives.obj
 0001:0004C6E0  _AIAction_PlayAnimation                   0044D6E0 f   igi1natives.obj
 0001:0004C750  _AIAction_PlaySound                       0044D750 f   igi1natives.obj
 0001:0004C7D0  _AIAction_MoveToEvent                     0044D7D0 f   igi1natives.obj
 0001:0004C870  _AIAction_LookAtEvent                     0044D870 f   igi1natives.obj
 0001:0004C8F0  _AIAction_Stunned                         0044D8F0 f   igi1natives.obj
 0001:0004C960  _AIAction_KickGrenade                     0044D960 f   igi1natives.obj
 0001:0004CA00  _AIAction_RunPanicking                    0044DA00 f   igi1natives.obj
 0001:0004CA80  _AIAction_Idle                            0044DA80 f   igi1natives.obj
 0001:0004CAE0  _AIAction_SetCombat                       0044DAE0 f   igi1natives.obj
 0001:0004CBC0  _AIFunction_RemoveAlarmActions            0044DBC0 f   igi1natives.obj
 0001:0004CC40  _AIFunction_SetViewLength                 0044DC40 f   igi1natives.obj
 0001:0004CCD0  _AIFunction_SetAlarmViewLength            0044DCD0 f   igi1natives.obj
 0001:0004CD30  _AIFunction_SetViewAlpha                  0044DD30 f   igi1natives.obj
 0001:0004CD90  _AIFunction_SetViewGamma                  0044DD90 f   igi1natives.obj
 0001:0004CDF0  _AIFunction_SetSecondaryViewLength        0044DDF0 f   igi1natives.obj
 0001:0004CE80  _AIFunction_SetSecondaryAlarmViewLength   0044DE80 f   igi1natives.obj
 0001:0004CEE0  _AIFunction_SetSecondaryViewAlpha         0044DEE0 f   igi1natives.obj
 0001:0004CF40  _AIFunction_SetSecondaryViewGamma         0044DF40 f   igi1natives.obj
 0001:0004CFA0  _AIFunction_GetCurrentEventType           0044DFA0 f   igi1natives.obj
 0001:0004D000  _AIFunction_GetRandomValue                0044E000 f   igi1natives.obj
 0001:0004D060  _AIFunction_DefaultHandler                0044E060 f   igi1natives.obj
 0001:0004D0C0  _AIFunction_SetEventPriority              0044E0C0 f   igi1natives.obj
 0001:0004D150  _AIFunction_SetInvulnerability            0044E150 f   igi1natives.obj
 0001:0004D1B0  _AIFunction_SetInstantDeath               0044E1B0 f   igi1natives.obj
 0001:0004D210  _AIFunction_SetDeathAnimation             0044E210 f   igi1natives.obj
 0001:0004D270  _AIFunction_SetAlarmTriggerID             0044E270 f   igi1natives.obj
 0001:0004D2D0  _AIFunction_SetAlarmControlID             0044E2D0 f   igi1natives.obj
 0001:0004D330  _AIFunction_SetAlarmAccess                0044E330 f   igi1natives.obj
 0001:0004D390  _AIFunction_SetGunnerID                   0044E390 f   igi1natives.obj
 0001:0004D3F0  _AIFunction_GetAlarmTriggerID             0044E3F0 f   igi1natives.obj
 0001:0004D430  _AIFunction_GetAlarmControlID             0044E430 f   igi1natives.obj
 0001:0004D470  _AIFunction_GetAlarmAccess                0044E470 f   igi1natives.obj
 0001:0004D4B0  _AIFunction_GetGunnerID                   0044E4B0 f   igi1natives.obj
 0001:0004D4F0  _AIFunction_GetAlarmControlStatus         0044E4F0 f   igi1natives.obj
 0001:0004D5E0  _AIFunction_GetGunnerStatus               0044E5E0 f   igi1natives.obj
 0001:0004D6D0  _AIFunction_SetScriptIntegerValue         0044E6D0 f   igi1natives.obj
 0001:0004D740  _AIFunction_GetScriptIntegerValue         0044E740 f   igi1natives.obj
 0001:0004D790  _AIFunction_SetScriptRealValue            0044E790 f   igi1natives.obj
 0001:0004D800  _AIFunction_GetScriptRealValue            0044E800 f   igi1natives.obj
 0001:0004D860  _AIFunction_IsEventBehind                 0044E860 f   igi1natives.obj
 0001:0004D930  _AIFunction_GetEventDistance              0044E930 f   igi1natives.obj
 0001:0004D9B0  _AIFunction_GetAlarmTriggerDistance       0044E9B0 f   igi1natives.obj
 0001:0004DAF0  _AIFunction_SetAnimationInterval          0044EAF0 f   igi1natives.obj
 0001:0004DBB0  _AIFunction_AddAnimationEntry             0044EBB0 f   igi1natives.obj
 0001:0004DCB0  _AIFunction_GetAnimationToPlay            0044ECB0 f   igi1natives.obj
 0001:0004DE40  _AIFunction_SendResponse                  0044EE40 f   igi1natives.obj
 0001:0005B440  _Soldier_Execute                          0045C440 f   igi1natives.obj
 0001:0005EF80  _Weapon_AmmoPickup                        0045FF80 f   igi1natives.obj
 0001:0005EFC0  _Weapon_GunPickup                         0045FFC0 f   igi1natives.obj
 0001:00062760  _Human_ViewCam                            00463760 f   igi1natives.obj
 0001:000649E0  _Human_TaskViewReset                      004659E0 f   igi1natives.obj
 0001:00075040  _Mine_ProximityCreate                     00476040 f   igi1natives.obj
 0001:00076040  _Throwable_Create                         00477040 f   igi1natives.obj
 0001:000769E0  _Weapon_FlameUpdate                       004779E0 f   igi1natives.obj
 0001:00076C10  _Weapon_FiringStateGet                    00477C10 f   igi1natives.obj
 0001:00076C50  _Weapon_EntityCreate                      00477C50 f   igi1natives.obj
 0001:00077900  _Weapon_FireUpdate                        00478900 f   igi1natives.obj
 0001:00078990  _Weapon_ReloadStart                       00479990 f   igi1natives.obj
 0001:0007BAB0  _Ammo_TypeOpen                            0047CAB0 f   igi1natives.obj
 0001:0007BAD0  _Define_AmmoType                          0047CAD0 f   igi1natives.obj
 0001:000818D0  _Human_FindNextCamera                     004828D0 f   igi1natives.obj
 0001:00083E60  _Mission_Open                             00484E60 f   igi1natives.obj
 0001:00083F60  _Define_Mission                           00484F60 f   igi1natives.obj
 0001:00084970  _StatusMessage_ShowFull                   00485970 f   igi1natives.obj
 0001:00084AD0  _StatusMessageScreen_ClearMessages        00485AD0 f   igi1natives.obj
 0001:00087E00  _LevelFlow_GetBreakCutSceneKey            00488E00 f   igi1natives.obj
 0001:00087E50  _LevelFlow_LevelFailed                    00488E50 f   igi1natives.obj
 0001:00087E90  _LevelFlow_IsCountryUSA                   00488E90 f   igi1natives.obj
 0001:00089440  _LoadingScreen_Show                       0048A440 f   igi1natives.obj
 0001:0008E1A0  _App_ContextSetDebugged                   0048F1A0 f   igi1natives.obj
 0001:0008E1E0  _App_ContextSetDebugtextState             0048F1E0 f   igi1natives.obj
 0001:0008E240  _App_ContextSetLightmapsUsed              0048F240 f   igi1natives.obj
 0001:0008E260  _App_ContextSetTerrainLightmapsUsed       0048F260 f   igi1natives.obj
 0001:00090A90  _Display_SetMode                          00491A90 f   igi1natives.obj
 0001:00090CF0  _Display_GetActiveMode                    00491CF0 f   igi1natives.obj
 0001:00090E70  _Display_SetBackgroundColourFn            00491E70 f   igi1natives.obj
 0001:00094E70  _Music_SetVolume                          00495E70 f   igi1natives.obj
 0001:00094F30  _Music_SetSfxVolume                       00495F30 f   igi1natives.obj
 0001:00096E70  _Transcontext_SetActiveTransContext       00497E70 f   igi1natives.obj
 0001:000A4350  _File_Open                                004A5350 f   igi1natives.obj
 0001:000A43B3  _Game_DataSymbolLoad                      004A53B3 f   igi1natives.obj
 0001:000A4702  _String_VFormat                           004A5702 f   igi1natives.obj
 0001:000AE7B0  _Error_Show                               004AF7B0 f   igi1natives.obj
 0001:000AE810  _Warning_Show                             004AF810 f   igi1natives.obj
 0001:000AFBE0  _Mem_DeallocAll                           004B0BE0 f   igi1natives.obj
 0001:000AFC60  _Mem_Alloc                                004B0C60 f   igi1natives.obj
 0001:000AFD40  _QHash_ValueSet                           004B0D40 f   igi1natives.obj
 0001:000AFD60  _Qhash_Init                               004B0D60 f   igi1natives.obj
 0001:000AFD90  _Qhash_Reset                              004B0D90 f   igi1natives.obj
 0001:000AFDB0  _QHash_ValueGet                           004B0DB0 f   igi1natives.obj
 0001:000B0020  _QFile_AliasResolve                       004B1020 f   igi1natives.obj
 0001:000B01A0  _QFile_DeviceIndex                        004B11A0 f   igi1natives.obj
 0001:000B0510  _QFile_ReadWrite                          004B1510 f   igi1natives.obj
 0001:000B0620  _QFile_DeviceHandlerLookup                004B1620 f   igi1natives.obj
 0001:000B06D0  _Resource_Unpack                          004B16D0 f   igi1natives.obj
 0001:000B08B0  _Resource_PackUnpack                      004B18B0 f   igi1natives.obj
 0001:000B0AC0  _QScript_Cleanup                          004B1AC0 f   igi1natives.obj
 0001:000B43B0  _Qsprite_Register4Az                      004B53B0 f   igi1natives.obj
 0001:000B4B90  _Is_ResourceLoaded                        004B5B90 f   igi1natives.obj
 0001:000B4F00  _Resource_Load                            004B5F00 f   igi1natives.obj
 0001:000B5380  _Resource_Unload                          004B6380 f   igi1natives.obj
 0001:000B53D0  _Resource_Flush                           004B63D0 f   igi1natives.obj
 0001:000B5E70  _Picture_GetWidth                         004B6E70 f   igi1natives.obj
 0001:000B5E80  _Picture_GetHeight                        004B6E80 f   igi1natives.obj
 0001:000B6E80  _SymbolRegister_Int16                     004B7E80 f   igi1natives.obj
 0001:000B6EE0  _SymbolRegister_Bool8                     004B7EE0 f   igi1natives.obj
 0001:000B6FA0  _SymbolRegister_Int32                     004B7FA0 f   igi1natives.obj
 0001:000B6FC0  _SymbolRegister_Real32                    004B7FC0 f   igi1natives.obj
 0001:000B70A0  _Game_DataSymbolRemoveThunk               004B80A0 f   igi1natives.obj
 0001:000B70B0  _Qvm_Load                                 004B80B0 f   igi1natives.obj
 0001:000B73D0  _Qvm_Cleanup                              004B83D0 f   igi1natives.obj
 0001:000B7410  _Qsc_Compile                              004B8410 f   igi1natives.obj
 0001:000B75B0  _Qvm_Execute                              004B85B0 f   igi1natives.obj
 0001:000B7810  _TaskType_Set                             004B8810 f   igi1natives.obj
 0001:000B7890  _Game_DefineOptions                       004B8890 f   igi1natives.obj
 0001:000B7930  _Script_SetSymbolContext                  004B8930 f   igi1natives.obj
 0001:000B7A50  _Profile_ValueSet                         004B8A50 f   igi1natives.obj
 0001:000B7C10  _Break_Script                             004B8C10 f   igi1natives.obj
 0001:000B7C60  _Script_SetWarningLevel                   004B8C60 f   igi1natives.obj
 0001:000B9AC0  _Q_TaskHashTableSet                       004BAAC0 f   igi1natives.obj
 0001:000BA270  _QScript_Assemble                         004BB270 f   igi1natives.obj
 0001:000BAC30  _Log_Add                                  004BBC30 f   igi1natives.obj
 0001:000BACB0  _QScript_ParseAndAssemble                 004BBCB0 f   igi1natives.obj
 0001:000BF200  _Script_BufInit                           004C0200 f   igi1natives.obj
 0001:000BF460  _Symbol_Remove                            004C0460 f   igi1natives.obj
 0001:000BF560  _Symbol_CheckRegister                     004C0560 f   igi1natives.obj
 0001:000C3520  _Define_MagicObj                          004C4520 f   igi1natives.obj
 0001:000C38E0  _Rigid_DyncubeObjRead                     004C48E0 f   igi1natives.obj
 0001:000C3930  _Magic_ObjLoad                            004C4930 f   igi1natives.obj
 0001:000C5760  _Create_TerrainTileMap                    004C6760 f   igi1natives.obj
 0001:000D8870  _Camera_SubmitFrame                       004D9870 f   igi1natives.obj
 0001:000E58D0  _Sound_Load                               004E68D0 f   igi1natives.obj
 0001:000E6200  _Sound_EventTrigger                       004E7200 f   igi1natives.obj
 0001:000E7C60  _Define_Sound                             004E8C60 f   igi1natives.obj
 0001:000E8EC0  _Define_TriggerOnce                       004E9EC0 f   igi1natives.obj
 0001:000E9D20  _Define_Graph                             004EAD20 f   igi1natives.obj
 0001:000EAA90  _Define_Group                             004EBA90 f   igi1natives.obj
 0001:000EB070  _AnimTrigger_ParseConfigFile              004EC070 f   igi1natives.obj
 0001:000EB0C0  _Anim_TriggerLoad                         004EC0C0 f   igi1natives.obj
 0001:000ECFE0  _PhysicsObjType_ParseConfigFile           004EDFE0 f   igi1natives.obj
 0001:000ED030  _Physics_ObjLoad                          004EE030 f   igi1natives.obj
 0001:000EF740  _Task_DeclareParameters                   004F0740 f   igi1natives.obj
 0001:000EF780  _Task_New                                 004F0780 f   igi1natives.obj
 0001:000EFCF0  _Config_Compile                           004F0CF0 f   igi1natives.obj
 0001:000EFE10  _Level_LoadObjects                        004F0E10 f   igi1natives.obj
 0001:000EFE50  _Script_Init                              004F0E50 f   igi1natives.obj
 0001:000EFE90  _Qtask_Update                             004F0E90 f   igi1natives.obj
 0001:000F3B00  _CutScene_TaskCreate                      004F4B00 f   igi1natives.obj
 0001:000F41D0  _CutScene_TaskUpdate                      004F51D0 f   igi1natives.obj
 0001:000F8FF0  _Graph_Open                               004F9FF0 f   igi1natives.obj
